This is pdfTeX, Version 3.141592653-2.6-1.40.29 (TeX Live 2026/Arch Linux) (preloaded format=pdflatex 2026.6.10)  10 JUN 2026 23:55
entering extended mode
 restricted \write18 enabled.
 %&-line parsing enabled.
**main.tex
(./main.tex
LaTeX2e <2025-11-01>
L3 programming layer <2026-01-19>
(/usr/share/texmf-dist/tex/latex/base/article.cls
Document Class: article 2025/01/22 v1.4n Standard LaTeX document class
(/usr/share/texmf-dist/tex/latex/base/size12.clo
File: size12.clo 2025/01/22 v1.4n Standard LaTeX file (size option)
)
\c@part=\count275
\c@section=\count276
\c@subsection=\count277
\c@subsubsection=\count278
\c@paragraph=\count279
\c@subparagraph=\count280
\c@figure=\count281
\c@table=\count282
\abovecaptionskip=\skip49
\belowcaptionskip=\skip50
\bibindent=\dimen148
)
(/usr/share/texmf-dist/tex/latex/base/inputenc.sty
Package: inputenc 2024/02/08 v1.3d Input encoding file
\inpenc@prehook=\toks17
\inpenc@posthook=\toks18
)
(/usr/share/texmf-dist/tex/latex/base/fontenc.sty
Package: fontenc 2025/07/18 v2.1d Standard LaTeX package
)
(/usr/share/texmf-dist/tex/latex/psnfss/mathptmx.sty
Package: mathptmx 2020/03/25 PSNFSS-v9.3 Times w/ Math, improved (SPQR, WaS) 
LaTeX Font Info:    Redeclaring symbol font `operators' on input line 28.
LaTeX Font Info:    Overwriting symbol font `operators' in version `normal'
(Font)                  OT1/cmr/m/n --> OT1/ztmcm/m/n on input line 28.
LaTeX Font Info:    Overwriting symbol font `operators' in version `bold'
(Font)                  OT1/cmr/bx/n --> OT1/ztmcm/m/n on input line 28.
LaTeX Font Info:    Redeclaring symbol font `letters' on input line 29.
LaTeX Font Info:    Overwriting symbol font `letters' in version `normal'
(Font)                  OML/cmm/m/it --> OML/ztmcm/m/it on input line 29.
LaTeX Font Info:    Overwriting symbol font `letters' in version `bold'
(Font)                  OML/cmm/b/it --> OML/ztmcm/m/it on input line 29.
LaTeX Font Info:    Redeclaring symbol font `symbols' on input line 30.
LaTeX Font Info:    Overwriting symbol font `symbols' in version `normal'
(Font)                  OMS/cmsy/m/n --> OMS/ztmcm/m/n on input line 30.
LaTeX Font Info:    Overwriting symbol font `symbols' in version `bold'
(Font)                  OMS/cmsy/b/n --> OMS/ztmcm/m/n on input line 30.
LaTeX Font Info:    Redeclaring symbol font `largesymbols' on input line 31.
LaTeX Font Info:    Overwriting symbol font `largesymbols' in version `normal'
(Font)                  OMX/cmex/m/n --> OMX/ztmcm/m/n on input line 31.
LaTeX Font Info:    Overwriting symbol font `largesymbols' in version `bold'
(Font)                  OMX/cmex/m/n --> OMX/ztmcm/m/n on input line 31.
\symbold=\mathgroup4
\symitalic=\mathgroup5
LaTeX Font Info:    Redeclaring math alphabet \mathbf on input line 34.
LaTeX Font Info:    Overwriting math alphabet `\mathbf' in version `normal'
(Font)                  OT1/cmr/bx/n --> OT1/ptm/bx/n on input line 34.
LaTeX Font Info:    Overwriting math alphabet `\mathbf' in version `bold'
(Font)                  OT1/cmr/bx/n --> OT1/ptm/bx/n on input line 34.
LaTeX Font Info:    Redeclaring math alphabet \mathit on input line 35.
LaTeX Font Info:    Overwriting math alphabet `\mathit' in version `normal'
(Font)                  OT1/cmr/m/it --> OT1/ptm/m/it on input line 35.
LaTeX Font Info:    Overwriting math alphabet `\mathit' in version `bold'
(Font)                  OT1/cmr/bx/it --> OT1/ptm/m/it on input line 35.
LaTeX Info: Redefining \hbar on input line 50.
)
(/usr/share/texmf-dist/tex/latex/geometry/geometry.sty
Package: geometry 2020/01/02 v5.9 Page Geometry

(/usr/share/texmf-dist/tex/latex/graphics/keyval.sty
Package: keyval 2022/05/29 v1.15 key=value parser (DPC)
\KV@toks@=\toks19
)
(/usr/share/texmf-dist/tex/generic/iftex/ifvtex.sty
Package: ifvtex 2019/10/25 v1.7 ifvtex legacy package. Use iftex instead.

(/usr/share/texmf-dist/tex/generic/iftex/iftex.sty
Package: iftex 2024/12/12 v1.0g TeX engine tests
))
\Gm@cnth=\count283
\Gm@cntv=\count284
\c@Gm@tempcnt=\count285
\Gm@bindingoffset=\dimen149
\Gm@wd@mp=\dimen150
\Gm@odd@mp=\dimen151
\Gm@even@mp=\dimen152
\Gm@layoutwidth=\dimen153
\Gm@layoutheight=\dimen154
\Gm@layouthoffset=\dimen155
\Gm@layoutvoffset=\dimen156
\Gm@dimlist=\toks20
)
(/usr/share/texmf-dist/tex/latex/setspace/setspace.sty
Package: setspace 2022/12/04 v6.7b set line spacing
)
(/usr/share/texmf-dist/tex/latex/graphics/graphicx.sty
Package: graphicx 2024/12/31 v1.2e Enhanced LaTeX Graphics (DPC,SPQR)

(/usr/share/texmf-dist/tex/latex/graphics/graphics.sty
Package: graphics 2024/08/06 v1.4g Standard LaTeX Graphics (DPC,SPQR)

(/usr/share/texmf-dist/tex/latex/graphics/trig.sty
Package: trig 2023/12/02 v1.11 sin cos tan (DPC)
)
(/usr/share/texmf-dist/tex/latex/graphics-cfg/graphics.cfg
File: graphics.cfg 2016/06/04 v1.11 sample graphics configuration
)
Package graphics Info: Driver file: pdftex.def on input line 106.

(/usr/share/texmf-dist/tex/latex/graphics-def/pdftex.def
File: pdftex.def 2025/09/29 v1.2d Graphics/color driver for pdftex
))
\Gin@req@height=\dimen157
\Gin@req@width=\dimen158
)
(/usr/share/texmf-dist/tex/latex/booktabs/booktabs.sty
Package: booktabs 2020/01/12 v1.61803398 Publication quality tables
\heavyrulewidth=\dimen159
\lightrulewidth=\dimen160
\cmidrulewidth=\dimen161
\belowrulesep=\dimen162
\belowbottomsep=\dimen163
\aboverulesep=\dimen164
\abovetopsep=\dimen165
\cmidrulesep=\dimen166
\cmidrulekern=\dimen167
\defaultaddspace=\dimen168
\@cmidla=\count286
\@cmidlb=\count287
\@aboverulesep=\dimen169
\@belowrulesep=\dimen170
\@thisruleclass=\count288
\@lastruleclass=\count289
\@thisrulewidth=\dimen171
)
(/usr/share/texmf-dist/tex/latex/makecell/makecell.sty
Package: makecell 2009/08/03 V0.1e Managing of Tab Column Heads and Cells

(/usr/share/texmf-dist/tex/latex/tools/array.sty
Package: array 2025/09/25 v2.6n Tabular extension package (FMi)
\col@sep=\dimen172
\ar@mcellbox=\box53
\extrarowheight=\dimen173
\NC@list=\toks21
\extratabsurround=\skip51
\backup@length=\skip52
\ar@cellbox=\box54
)
\rotheadsize=\dimen174
\c@nlinenum=\count290
\TeXr@lab=\toks22
)
(/usr/share/texmf-dist/tex/latex/amsmath/amsmath.sty
Package: amsmath 2025/07/09 v2.17z AMS math features
\@mathmargin=\skip53

For additional information on amsmath, use the `?' option.
(/usr/share/texmf-dist/tex/latex/amsmath/amstext.sty
Package: amstext 2024/11/17 v2.01 AMS text

(/usr/share/texmf-dist/tex/latex/amsmath/amsgen.sty
File: amsgen.sty 1999/11/30 v2.0 generic functions
\@emptytoks=\toks23
\ex@=\dimen175
))
(/usr/share/texmf-dist/tex/latex/amsmath/amsbsy.sty
Package: amsbsy 1999/11/29 v1.2d Bold Symbols
\pmbraise@=\dimen176
)
(/usr/share/texmf-dist/tex/latex/amsmath/amsopn.sty
Package: amsopn 2022/04/08 v2.04 operator names
)
\inf@bad=\count291
LaTeX Info: Redefining \frac on input line 233.
\uproot@=\count292
\leftroot@=\count293
LaTeX Info: Redefining \overline on input line 398.
LaTeX Info: Redefining \colon on input line 409.
\classnum@=\count294
\DOTSCASE@=\count295
LaTeX Info: Redefining \ldots on input line 495.
LaTeX Info: Redefining \dots on input line 498.
LaTeX Info: Redefining \cdots on input line 619.
\Mathstrutbox@=\box55
\strutbox@=\box56
LaTeX Info: Redefining \big on input line 721.
LaTeX Info: Redefining \Big on input line 722.
LaTeX Info: Redefining \bigg on input line 723.
LaTeX Info: Redefining \Bigg on input line 724.
\big@size=\dimen177
LaTeX Font Info:    Redeclaring font encoding OML on input line 742.
LaTeX Font Info:    Redeclaring font encoding OMS on input line 743.
\macc@depth=\count296
LaTeX Info: Redefining \bmod on input line 904.
LaTeX Info: Redefining \pmod on input line 909.
LaTeX Info: Redefining \smash on input line 939.
LaTeX Info: Redefining \relbar on input line 969.
LaTeX Info: Redefining \Relbar on input line 970.
\c@MaxMatrixCols=\count297
\dotsspace@=\muskip17
\c@parentequation=\count298
\dspbrk@lvl=\count299
\tag@help=\toks24
\row@=\count300
\column@=\count301
\maxfields@=\count302
\andhelp@=\toks25
\eqnshift@=\dimen178
\alignsep@=\dimen179
\tagshift@=\dimen180
\tagwidth@=\dimen181
\totwidth@=\dimen182
\lineht@=\dimen183
\@envbody=\toks26
\multlinegap=\skip54
\multlinetaggap=\skip55
\mathdisplay@stack=\toks27
LaTeX Info: Redefining \[ on input line 2950.
LaTeX Info: Redefining \] on input line 2951.
)
(/usr/share/texmf-dist/tex/latex/siunitx/siunitx.sty
Package: siunitx 2025-07-09 v3.4.14 A comprehensive (SI) units package
\l__siunitx_number_uncert_offset_int=\count303
\l__siunitx_number_exponent_fixed_int=\count304
\l__siunitx_number_min_decimal_int=\count305
\l__siunitx_number_min_integer_int=\count306
\l__siunitx_number_round_precision_int=\count307
\l__siunitx_number_lower_threshold_int=\count308
\l__siunitx_number_upper_threshold_int=\count309
\l__siunitx_number_group_first_int=\count310
\l__siunitx_number_group_size_int=\count311
\l__siunitx_number_group_minimum_int=\count312
\l__siunitx_angle_tmp_dim=\dimen184
\l__siunitx_angle_marker_box=\box57
\l__siunitx_angle_unit_box=\box58
\l__siunitx_compound_count_int=\count313

(/usr/share/texmf-dist/tex/latex/translations/translations.sty
Package: translations 2022/02/05 v1.12 internationalization of LaTeX2e packages
 (CN)

(/usr/share/texmf-dist/tex/latex/etoolbox/etoolbox.sty
Package: etoolbox 2025/10/02 v2.5m e-TeX tools for LaTeX (JAW)
\etb@tempcnta=\count314
)
(/usr/share/texmf-dist/tex/generic/pdftexcmds/pdftexcmds.sty
Package: pdftexcmds 2020-06-27 v0.33 Utility functions of pdfTeX for LuaTeX (HO
)

(/usr/share/texmf-dist/tex/generic/infwarerr/infwarerr.sty
Package: infwarerr 2019/12/03 v1.5 Providing info/warning/error messages (HO)
)
(/usr/share/texmf-dist/tex/generic/ltxcmds/ltxcmds.sty
Package: ltxcmds 2023-12-04 v1.26 LaTeX kernel commands for general use (HO)
)
Package pdftexcmds Info: \pdf@primitive is available.
Package pdftexcmds Info: \pdf@ifprimitive is available.
Package pdftexcmds Info: \pdfdraftmode found.
))
\l__siunitx_table_tmp_box=\box59
\l__siunitx_table_tmp_dim=\dimen185
\l__siunitx_table_column_width_dim=\dimen186
\l__siunitx_table_integer_box=\box60
\l__siunitx_table_decimal_box=\box61
\l__siunitx_table_uncert_box=\box62
\l__siunitx_table_before_box=\box63
\l__siunitx_table_after_box=\box64
\l__siunitx_table_before_dim=\dimen187
\l__siunitx_table_carry_dim=\dimen188
\l__siunitx_unit_tmp_int=\count315
\l__siunitx_unit_position_int=\count316
\l__siunitx_unit_total_int=\count317
)
(/usr/share/texmf-dist/tex/latex/caption/caption.sty
Package: caption 2023/08/05 v3.6o Customizing captions (AR)

(/usr/share/texmf-dist/tex/latex/caption/caption3.sty
Package: caption3 2023/07/31 v2.4d caption3 kernel (AR)
\caption@tempdima=\dimen189
\captionmargin=\dimen190
\caption@leftmargin=\dimen191
\caption@rightmargin=\dimen192
\caption@width=\dimen193
\caption@indent=\dimen194
\caption@parindent=\dimen195
\caption@hangindent=\dimen196
Package caption Info: Standard document class detected.
)
\c@caption@flags=\count318
\c@continuedfloat=\count319
)
(/usr/share/texmf-dist/tex/latex/float/float.sty
Package: float 2001/11/08 v1.3d Float enhancements (AL)
\c@float@type=\count320
\float@exts=\toks28
\float@box=\box65
\@float@everytoks=\toks29
\@floatcapt=\box66
)
(/usr/share/texmf-dist/tex/latex/enumitem/enumitem.sty
Package: enumitem 2025/02/06 v3.11 Customized lists
\labelindent=\skip56
\enit@outerparindent=\dimen197
\enit@toks=\toks30
\enit@inbox=\box67
\enit@count@id=\count321
\enitdp@description=\count322
)
(/usr/share/texmf-dist/tex/latex/xcolor/xcolor.sty
Package: xcolor 2024/09/29 v3.02 LaTeX color extensions (UK)

(/usr/share/texmf-dist/tex/latex/graphics-cfg/color.cfg
File: color.cfg 2016/01/02 v1.6 sample color configuration
)
Package xcolor Info: Driver file: pdftex.def on input line 274.

(/usr/share/texmf-dist/tex/latex/graphics/mathcolor.ltx)
Package xcolor Info: Model `cmy' substituted by `cmy0' on input line 1349.
Package xcolor Info: Model `hsb' substituted by `rgb' on input line 1353.
Package xcolor Info: Model `RGB' extended on input line 1365.
Package xcolor Info: Model `HTML' substituted by `rgb' on input line 1367.
Package xcolor Info: Model `Hsb' substituted by `hsb' on input line 1368.
Package xcolor Info: Model `tHsb' substituted by `hsb' on input line 1369.
Package xcolor Info: Model `HSB' substituted by `hsb' on input line 1370.
Package xcolor Info: Model `Gray' substituted by `gray' on input line 1371.
Package xcolor Info: Model `wave' substituted by `hsb' on input line 1372.
)
(/usr/share/texmf-dist/tex/latex/hyperref/hyperref.sty
Package: hyperref 2026-01-29 v7.01p Hypertext links for LaTeX

(/usr/share/texmf-dist/tex/latex/kvsetkeys/kvsetkeys.sty
Package: kvsetkeys 2022-10-05 v1.19 Key value parser (HO)
)
(/usr/share/texmf-dist/tex/generic/kvdefinekeys/kvdefinekeys.sty
Package: kvdefinekeys 2019-12-19 v1.6 Define keys (HO)
)
(/usr/share/texmf-dist/tex/generic/pdfescape/pdfescape.sty
Package: pdfescape 2019/12/09 v1.15 Implements pdfTeX's escape features (HO)
)
(/usr/share/texmf-dist/tex/latex/hycolor/hycolor.sty
Package: hycolor 2020-01-27 v1.10 Color options for hyperref/bookmark (HO)
)
(/usr/share/texmf-dist/tex/latex/hyperref/nameref.sty
Package: nameref 2026-01-29 v2.58 Cross-referencing by name of section

(/usr/share/texmf-dist/tex/latex/refcount/refcount.sty
Package: refcount 2019/12/15 v3.6 Data extraction from label references (HO)
)
(/usr/share/texmf-dist/tex/generic/gettitlestring/gettitlestring.sty
Package: gettitlestring 2019/12/15 v1.6 Cleanup title references (HO)

(/usr/share/texmf-dist/tex/latex/kvoptions/kvoptions.sty
Package: kvoptions 2022-06-15 v3.15 Key value format for package options (HO)
))
\c@section@level=\count323
)
(/usr/share/texmf-dist/tex/generic/stringenc/stringenc.sty
Package: stringenc 2019/11/29 v1.12 Convert strings between diff. encodings (HO
)
)
\@linkdim=\dimen198
\Hy@linkcounter=\count324
\Hy@pagecounter=\count325

(/usr/share/texmf-dist/tex/latex/hyperref/pd1enc.def
File: pd1enc.def 2026-01-29 v7.01p Hyperref: PDFDocEncoding definition (HO)
Now handling font encoding PD1 ...
... no UTF-8 mapping file for font encoding PD1
)
(/usr/share/texmf-dist/tex/generic/intcalc/intcalc.sty
Package: intcalc 2019/12/15 v1.3 Expandable calculations with integers (HO)
)
\Hy@SavedSpaceFactor=\count326

(/usr/share/texmf-dist/tex/latex/hyperref/puenc.def
File: puenc.def 2026-01-29 v7.01p Hyperref: PDF Unicode definition (HO)
Now handling font encoding PU ...
... no UTF-8 mapping file for font encoding PU
)
Package hyperref Info: Hyper figures OFF on input line 4201.
Package hyperref Info: Link nesting OFF on input line 4206.
Package hyperref Info: Hyper index ON on input line 4209.
Package hyperref Info: Plain pages OFF on input line 4216.
Package hyperref Info: Backreferencing OFF on input line 4221.
Package hyperref Info: Implicit mode ON; LaTeX internals redefined.
Package hyperref Info: Bookmarks ON on input line 4468.
\c@Hy@tempcnt=\count327

(/usr/share/texmf-dist/tex/latex/url/url.sty
\Urlmuskip=\muskip18
Package: url 2013/09/16  ver 3.4  Verb mode for urls, etc.
)
LaTeX Info: Redefining \url on input line 4807.
\XeTeXLinkMargin=\dimen199

(/usr/share/texmf-dist/tex/generic/bitset/bitset.sty
Package: bitset 2019/12/09 v1.3 Handle bit-vector datatype (HO)

(/usr/share/texmf-dist/tex/generic/bigintcalc/bigintcalc.sty
Package: bigintcalc 2019/12/15 v1.5 Expandable calculations on big integers (HO
)
))
\Fld@menulength=\count328
\Field@Width=\dimen256
\Fld@charsize=\dimen257
Package hyperref Info: Hyper figures OFF on input line 6084.
Package hyperref Info: Link nesting OFF on input line 6089.
Package hyperref Info: Hyper index ON on input line 6092.
Package hyperref Info: backreferencing OFF on input line 6099.
Package hyperref Info: Link coloring OFF on input line 6104.
Package hyperref Info: Link coloring with OCG OFF on input line 6109.
Package hyperref Info: PDF/A mode OFF on input line 6114.
\Hy@abspage=\count329
\c@Item=\count330
\c@Hfootnote=\count331
)
Package hyperref Info: Driver (autodetected): hpdftex.

(/usr/share/texmf-dist/tex/latex/hyperref/hpdftex.def
File: hpdftex.def 2026-01-29 v7.01p Hyperref driver for pdfTeX
\Fld@listcount=\count332
\c@bookmark@seq@number=\count333

(/usr/share/texmf-dist/tex/latex/rerunfilecheck/rerunfilecheck.sty
Package: rerunfilecheck 2025-06-21 v1.11 Rerun checks for auxiliary files (HO)

(/usr/share/texmf-dist/tex/generic/uniquecounter/uniquecounter.sty
Package: uniquecounter 2019/12/15 v1.4 Provide unlimited unique counter (HO)
)
Package uniquecounter Info: New unique counter `rerunfilecheck' on input line 2
84.
)
\Hy@SectionHShift=\skip57
)
Package translations Info: No language package found. I am going to use `englis
h' as default language. on input line 34.
LaTeX Font Info:    Trying to load font information for T1+ptm on input line 34
.

(/usr/share/texmf-dist/tex/latex/psnfss/t1ptm.fd
File: t1ptm.fd 2001/06/04 font definitions for T1/ptm.
)
(/usr/share/texmf-dist/tex/latex/l3backend/l3backend-pdftex.def
File: l3backend-pdftex.def 2025-10-09 L3 backend support: PDF output (pdfTeX)
\l__color_backend_stack_int=\count334
) (./main.aux)
\openout1 = `main.aux'.

LaTeX Font Info:    Checking defaults for OML/cmm/m/it on input line 34.
LaTeX Font Info:    ... okay on input line 34.
LaTeX Font Info:    Checking defaults for OMS/cmsy/m/n on input line 34.
LaTeX Font Info:    ... okay on input line 34.
LaTeX Font Info:    Checking defaults for OT1/cmr/m/n on input line 34.
LaTeX Font Info:    ... okay on input line 34.
LaTeX Font Info:    Checking defaults for T1/cmr/m/n on input line 34.
LaTeX Font Info:    ... okay on input line 34.
LaTeX Font Info:    Checking defaults for TS1/cmr/m/n on input line 34.
LaTeX Font Info:    ... okay on input line 34.
LaTeX Font Info:    Checking defaults for OMX/cmex/m/n on input line 34.
LaTeX Font Info:    ... okay on input line 34.
LaTeX Font Info:    Checking defaults for U/cmr/m/n on input line 34.
LaTeX Font Info:    ... okay on input line 34.
LaTeX Font Info:    Checking defaults for PD1/pdf/m/n on input line 34.
LaTeX Font Info:    ... okay on input line 34.
LaTeX Font Info:    Checking defaults for PU/pdf/m/n on input line 34.
LaTeX Font Info:    ... okay on input line 34.

*geometry* driver: auto-detecting
*geometry* detected driver: pdftex
*geometry* verbose mode - [ preamble ] result:
* driver: pdftex
* paper: a4paper
* layout: <same size as paper>
* layoutoffset:(h,v)=(0.0pt,0.0pt)
* modes: 
* h-part:(L,W,R)=(71.13188pt, 455.24411pt, 71.13188pt)
* v-part:(T,H,B)=(71.13188pt, 702.78308pt, 71.13188pt)
* \paperwidth=597.50787pt
* \paperheight=845.04684pt
* \textwidth=455.24411pt
* \textheight=702.78308pt
* \oddsidemargin=-1.1381pt
* \evensidemargin=-1.1381pt
* \topmargin=-38.1381pt
* \headheight=12.0pt
* \headsep=25.0pt
* \topskip=12.0pt
* \footskip=30.0pt
* \marginparwidth=35.0pt
* \marginparsep=10.0pt
* \columnsep=10.0pt
* \skip\footins=10.8pt plus 4.0pt minus 2.0pt
* \hoffset=0.0pt
* \voffset=0.0pt
* \mag=1000
* \@twocolumnfalse
* \@twosidefalse
* \@mparswitchfalse
* \@reversemarginfalse
* (1in=72.27pt=25.4mm, 1cm=28.453pt)

(/usr/share/texmf-dist/tex/context/base/mkii/supp-pdf.mkii
[Loading MPS to PDF converter (version 2006.09.02).]
\scratchcounter=\count335
\scratchdimen=\dimen258
\scratchbox=\box68
\nofMPsegments=\count336
\nofMParguments=\count337
\everyMPshowfont=\toks31
\MPscratchCnt=\count338
\MPscratchDim=\dimen259
\MPnumerator=\count339
\makeMPintoPDFobject=\count340
\everyMPtoPDFconversion=\toks32
) (/usr/share/texmf-dist/tex/latex/epstopdf-pkg/epstopdf-base.sty
Package: epstopdf-base 2020-01-24 v2.11 Base part for package epstopdf
Package epstopdf-base Info: Redefining graphics rule for `.eps' on input line 4
85.

(/usr/share/texmf-dist/tex/latex/latexconfig/epstopdf-sys.cfg
File: epstopdf-sys.cfg 2010/07/13 v1.3 Configuration of (r)epstopdf for TeX Liv
e
))
(/usr/share/texmf-dist/tex/latex/translations/translations-basic-dictionary-eng
lish.trsl
File: translations-basic-dictionary-english.trsl (english translation file `tra
nslations-basic-dictionary')
)
Package translations Info: loading dictionary `translations-basic-dictionary' f
or `english'. on input line 34.
Package caption Info: Begin \AtBeginDocument code.
Package caption Info: float package is loaded.
Package caption Info: hyperref package is loaded.
Package caption Info: End \AtBeginDocument code.
Package hyperref Info: Link coloring OFF on input line 34.
 (./main.out) (./main.out)
\@outlinefile=\write3
\openout3 = `main.out'.

<figures/ieu_logo.png, id=184, 297.11pt x 301.125pt>
File: figures/ieu_logo.png Graphic file (type png)
<use figures/ieu_logo.png>
Package pdftex.def Info: figures/ieu_logo.png  used on input line 45.
(pdftex.def)             Requested size: 191.20169pt x 193.79451pt.
LaTeX Font Info:    Trying to load font information for OT1+ztmcm on input line
 51.

(/usr/share/texmf-dist/tex/latex/psnfss/ot1ztmcm.fd
File: ot1ztmcm.fd 2000/01/03 Fontinst v1.801 font definitions for OT1/ztmcm.
)
LaTeX Font Info:    Trying to load font information for OML+ztmcm on input line
 51.

(/usr/share/texmf-dist/tex/latex/psnfss/omlztmcm.fd
File: omlztmcm.fd 2000/01/03 Fontinst v1.801 font definitions for OML/ztmcm.
)
LaTeX Font Info:    Trying to load font information for OMS+ztmcm on input line
 51.

(/usr/share/texmf-dist/tex/latex/psnfss/omsztmcm.fd
File: omsztmcm.fd 2000/01/03 Fontinst v1.801 font definitions for OMS/ztmcm.
)
LaTeX Font Info:    Trying to load font information for OMX+ztmcm on input line
 51.

(/usr/share/texmf-dist/tex/latex/psnfss/omxztmcm.fd
File: omxztmcm.fd 2000/01/03 Fontinst v1.801 font definitions for OMX/ztmcm.
)
LaTeX Font Info:    Trying to load font information for OT1+ptm on input line 5
1.

(/usr/share/texmf-dist/tex/latex/psnfss/ot1ptm.fd
File: ot1ptm.fd 2001/06/04 font definitions for OT1/ptm.
)
LaTeX Font Info:    Font shape `OT1/ptm/bx/n' in size <12> not available
(Font)              Font shape `OT1/ptm/b/n' tried instead on input line 51.
LaTeX Font Info:    Font shape `OT1/ptm/bx/n' in size <9> not available
(Font)              Font shape `OT1/ptm/b/n' tried instead on input line 51.
LaTeX Font Info:    Font shape `OT1/ptm/bx/n' in size <7> not available
(Font)              Font shape `OT1/ptm/b/n' tried instead on input line 51.
 [1

{/var/lib/texmf/fonts/map/pdftex/updmap/pdftex.map}{/usr/share/texmf-dist/fonts
/enc/dvips/base/8r.enc} <./figures/ieu_logo.png>] (./main.toc
pdfTeX warning (ext4): destination with the same identifier (name{page.1}) has 
been already used, duplicate ignored
<to be read again> 
                   \relax 
l.60 ...rline {5.6}Discussion}{33}{subsection.5.6}
                                                  % [1])
\tf@toc=\write4
\openout4 = `main.toc'.

 [2]
(./sections/01_abstract.tex) (./sections/02_introduction.tex [3] [4]
Overfull \hbox (7.1097pt too wide) in paragraph at lines 82--86
[]\T1/ptm/m/n/12 Validate the sim-u-la-tion model against the his-tor-i-cal dis
-patch log us-ing chi-square goodness-
 []

) (./sections/03_literature.tex [5]
Overfull \hbox (2.53967pt too wide) in paragraph at lines 27--43
\T1/ptm/b/n/12 Class-based ver-sus ded-i-cated ver-sus ran-dom as-sign-ment. \T
1/ptm/m/n/12 Haus-man, Schwarz, and Graves [[]]
 []

[6] [7] [8] [9]) (./sections/04_methodology_a.tex [10]
<figures/layout_topdown_with_decorations.png, id=344, 939.51pt x 578.16pt>
File: figures/layout_topdown_with_decorations.png Graphic file (type png)
<use figures/layout_topdown_with_decorations.png>
Package pdftex.def Info: figures/layout_topdown_with_decorations.png  used on i
nput line 15.
(pdftex.def)             Requested size: 373.3035pt x 229.72487pt.
 [11]
<figures/photo_kit_corridor_GF.jpg, id=350, 1156.32pt x 2055.68pt>
File: figures/photo_kit_corridor_GF.jpg Graphic file (type jpg)
<use figures/photo_kit_corridor_GF.jpg>
Package pdftex.def Info: figures/photo_kit_corridor_GF.jpg  used on input line 
27.
(pdftex.def)             Requested size: 200.30852pt x 356.07944pt.
<figures/photo_kit_corridor_FE.jpg, id=351, 1156.32pt x 2055.68pt>
File: figures/photo_kit_corridor_FE.jpg Graphic file (type jpg)
<use figures/photo_kit_corridor_FE.jpg>
Package pdftex.def Info: figures/photo_kit_corridor_FE.jpg  used on input line 
28.
(pdftex.def)             Requested size: 200.30852pt x 356.07944pt.
<figures/photo_rt_aisle_CBA.jpg, id=352, 2055.68pt x 1156.32pt>
File: figures/photo_rt_aisle_CBA.jpg Graphic file (type jpg)
<use figures/photo_rt_aisle_CBA.jpg>
Package pdftex.def Info: figures/photo_rt_aisle_CBA.jpg  used on input line 29.

(pdftex.def)             Requested size: 200.30852pt x 112.65694pt.
<figures/photo_rack_A_face.jpg, id=353, 1156.32pt x 2055.68pt>
File: figures/photo_rack_A_face.jpg Graphic file (type jpg)
<use figures/photo_rack_A_face.jpg>
Package pdftex.def Info: figures/photo_rack_A_face.jpg  used on input line 30.
(pdftex.def)             Requested size: 200.30852pt x 356.07944pt.


LaTeX Warning: Float too large for page by 68.87587pt on input line 38.

<figures/warehouse_material_flows.png, id=354, 1445.4pt x 813.2784pt>
File: figures/warehouse_material_flows.png Graphic file (type png)
<use figures/warehouse_material_flows.png>
Package pdftex.def Info: figures/warehouse_material_flows.png  used on input li
ne 42.
(pdftex.def)             Requested size: 341.43307pt x 192.11322pt.
[12 <./figures/layout_topdown_with_decorations.png>] [13 <./figures/photo_kit_c
orridor_GF.jpg> <./figures/photo_kit_corridor_FE.jpg> <./figures/photo_rt_aisle
_CBA.jpg> <./figures/photo_rack_A_face.jpg>]
Overfull \hbox (3.56001pt too wide) in paragraph at lines 65--66
[]\T1/ptm/m/n/12 Bin codes fol-low the con-ven-tion \T1/cmtt/m/n/12 BR$\OML/ztm
cm/m/it/12 <$\T1/cmtt/m/n/12 rack$\OML/ztmcm/m/it/12 >$\T1/cmtt/m/n/12 -$\OML/z
tmcm/m/it/12 <$\T1/cmtt/m/n/12 bay:02d$\OML/ztmcm/m/it/12 >$\T1/cmtt/m/n/12 -$\
OML/ztmcm/m/it/12 <$\T1/cmtt/m/n/12 level:02d$\OML/ztmcm/m/it/12 >$ \T1/ptm/m/n
/12 (e.g. \T1/cmtt/m/n/12 BRA-02-02
 []

(./sections/gen/tab_preprocess.tex [14{/usr/share/texmf-dist/fonts/enc/dvips/cm
-super/cm-super-t1.enc} <./figures/warehouse_material_flows.png (PNG copy)>])
(./sections/gen/tab_zwm92.tex) [15] (./sections/gen/tab_timing.tex) [16])
(./sections/04_methodology_b.tex [17]
<figures/sim_flowchart_simple.png, id=401, 574.5465pt x 715.473pt>
File: figures/sim_flowchart_simple.png Graphic file (type png)
<use figures/sim_flowchart_simple.png>
Package pdftex.def Info: figures/sim_flowchart_simple.png  used on input line 3
8.
(pdftex.def)             Requested size: 373.3035pt x 464.87727pt.
 [18] [19 <./figures/sim_flowchart_simple.png>]
Overfull \hbox (8.4997pt too wide) in paragraph at lines 127--136
 []\T1/ptm/b/n/12 Stochastic vari-abil-ity.[] \T1/ptm/m/n/12 All pick and trave
l times are stochas-tic when \T1/cmtt/m/n/12 STOCHASTIC_PICK_TIMES
 []


Overfull \hbox (0.41258pt too wide) in paragraph at lines 127--136
\T1/ptm/m/n/12 F400-measured con-stant and whose log-scale stan-dard de-vi-a-ti
on $\OML/ztmcm/m/it/12 ^^[ \OT1/ztmcm/m/n/12 = []$ \T1/ptm/m/n/12 is moment-
 []

[20] [21] [22] [23] [24] [25]) (./sections/05_results.tex
(./sections/gen/tab_validation.tex
LaTeX Font Info:    Font shape `OT1/ptm/bx/n' in size <10.95> not available
(Font)              Font shape `OT1/ptm/b/n' tried instead on input line 7.
LaTeX Font Info:    Font shape `OT1/ptm/bx/n' in size <8> not available
(Font)              Font shape `OT1/ptm/b/n' tried instead on input line 7.
LaTeX Font Info:    Font shape `OT1/ptm/bx/n' in size <6> not available
(Font)              Font shape `OT1/ptm/b/n' tried instead on input line 7.
) (./sections/gen/tab_rack_share.tex)
[26] [27] (./sections/gen/tab_kpi_summary.tex)
<figures/policy_comparison.png, id=507, 1011.78pt x 722.7pt>
File: figures/policy_comparison.png Graphic file (type png)
<use figures/policy_comparison.png>
Package pdftex.def Info: figures/policy_comparison.png  used on input line 99.
(pdftex.def)             Requested size: 418.82375pt x 299.16504pt.
<figures/prep_time_boxplot.png, id=508, 722.7pt x 433.62pt>
File: figures/prep_time_boxplot.png Graphic file (type png)
<use figures/prep_time_boxplot.png>
Package pdftex.def Info: figures/prep_time_boxplot.png  used on input line 110.

(pdftex.def)             Requested size: 418.82375pt x 251.29466pt.
 [28] [29 <./figures/policy_comparison.png> <./figures/prep_time_boxplot.png>] 
(./sections/gen/tab_anova.tex)
(./sections/gen/tab_paired_t.tex) [30] (./sections/gen/tab_sensitivity.tex)
<figures/sensitivity_tornado_avg_lead_time.png, id=536, 650.43pt x 444.4605pt>
File: figures/sensitivity_tornado_avg_lead_time.png Graphic file (type png)
<use figures/sensitivity_tornado_avg_lead_time.png>
Package pdftex.def Info: figures/sensitivity_tornado_avg_lead_time.png  used on
 input line 240.
(pdftex.def)             Requested size: 400.61703pt x 273.75867pt.

[31] [32 <./figures/sensitivity_tornado_avg_lead_time.png>]
Overfull \hbox (0.83513pt too wide) in paragraph at lines 282--291
\T1/ptm/m/n/12 Storage as-sign-ment re-search has con-sis-tently found that wel
l-designed slot-ting can re-duce order-
 []

[33]) (./sections/06_conclusions.tex [34] [35]) (./sections/07_references.tex
[36] [37]
Underfull \hbox (badness 5245) in paragraph at lines 28--29
[]\T1/ptm/m/n/12 "The 17 Goals -- Sus-tain-able De-vel-op-ment", United Na-tion
s, as ap-pears on
 []

) (./sections/08_appendix.tex
<figures/sim_flowchart_detailed.png, id=591, 686.565pt x 904.73006pt>
File: figures/sim_flowchart_detailed.png Graphic file (type png)
<use figures/sim_flowchart_detailed.png>
Package pdftex.def Info: figures/sim_flowchart_detailed.png  used on input line
 17.
(pdftex.def)             Requested size: 455.24411pt x 599.89851pt.
 [38] [39] (./sections/gen/tab_kpi_full.tex
LaTeX Font Info:    Font shape `OT1/ptm/bx/n' in size <5> not available
(Font)              Font shape `OT1/ptm/b/n' tried instead on input line 7.

[40 <./figures/sim_flowchart_detailed.png>])
Underfull \hbox (badness 10000) in paragraph at lines 69--70
[]|\T1/ptm/m/n/10.95 Understates real-warehouse
 []


Underfull \hbox (badness 2384) in paragraph at lines 69--70
\T1/ptm/m/n/10.95 flex-i-bil-ity slightly; the SAP
 []


Underfull \hbox (badness 10000) in paragraph at lines 69--70
\T1/ptm/m/n/10.95 base-line's ad-van-tage could
 []


Underfull \hbox (badness 10000) in paragraph at lines 69--70
\T1/ptm/m/n/10.95 be marginally lower than
 []


Underfull \hbox (badness 1783) in paragraph at lines 75--77
[]|\T1/ptm/m/n/10.95 Site visit (``first three lev-els
 []


Underfull \hbox (badness 10000) in paragraph at lines 75--77
\T1/ptm/m/n/10.95 and rack PDF level-height
 []


Underfull \hbox (badness 1838) in paragraph at lines 78--79
\T1/ptm/m/n/10.95 els, manual-band place-ments
 []


Underfull \hbox (badness 2573) in paragraph at lines 81--84
\T1/ptm/m/n/10.95 manual-penalty: 0.102 min;
 []


Underfull \hbox (badness 6592) in paragraph at lines 88--90
[]|\T1/ptm/m/n/10.95 Families with dif-fer-ent bin
 []


Underfull \hbox (badness 2012) in paragraph at lines 92--95
[]|\T1/ptm/m/n/10.95 Service times are log-nor-mal
 []


Underfull \hbox (badness 3260) in paragraph at lines 92--95
\T1/ptm/m/n/10.95 with means from the F400
 []


Underfull \hbox (badness 10000) in paragraph at lines 92--95
\T1/ptm/m/n/10.95 study and log-$\OML/ztmcm/m/it/10.95 ^^[$ \T1/ptm/m/n/10.95 m
oment-
 []


Underfull \hbox (badness 2617) in paragraph at lines 92--95
\T1/ptm/m/n/10.95 matched from the mea-sured
 []


Underfull \hbox (badness 10000) in paragraph at lines 92--95
\T1/ptm/m/n/10.95 CVs (op-er-a-tor 1.245, RT
 []


Underfull \hbox (badness 1102) in paragraph at lines 92--95
\T1/ptm/m/n/10.95 1.047, manual-penalty 1.279,
 []


Underfull \hbox (badness 5036) in paragraph at lines 99--101
\T1/ptm/m/n/10.95 heavy ser-vice tails; if the
 []


Underfull \hbox (badness 3291) in paragraph at lines 103--106
\T1/ptm/m/n/10.95 batch gaps and batch sizes
 []


Underfull \hbox (badness 10000) in paragraph at lines 103--106
\T1/ptm/m/n/10.95 ZWM92 sub-set (Okken,
 []


Underfull \hbox (badness 10000) in paragraph at lines 103--106
\T1/ptm/m/n/10.95 AKS_PAK, F400; 18,164
 []


Underfull \hbox (badness 1264) in paragraph at lines 107--110
[]|\T1/ptm/m/n/10.95 ZWM92 dis-patch log; mean
 []


Underfull \hbox (badness 4229) in paragraph at lines 107--110
\T1/ptm/m/n/10.95 out Ex-po-nen-tial); cal-i-brated
 []


Underfull \hbox (badness 1565) in paragraph at lines 107--110
\T1/ptm/m/n/10.95 at 419 or-ders/day vs. ac-tual
 []


Underfull \hbox (badness 1694) in paragraph at lines 107--110
\T1/ptm/m/n/10.95 396/day ($\OT1/ztmcm/m/n/10.95 +5\OML/ztmcm/m/it/10.95 :\OT1/
ztmcm/m/n/10.95 7%$\T1/ptm/m/n/10.95 , within the
 []


Underfull \hbox (badness 2384) in paragraph at lines 111--113
[]|\T1/ptm/m/n/10.95 Batch sizes are ex-trap-o-lated
 []


Underfull \hbox (badness 10000) in paragraph at lines 115--118
[]|\T1/ptm/m/n/10.95 Corridor-aware rec-ti-lin-
 []


Underfull \hbox (badness 4024) in paragraph at lines 115--118
\T1/ptm/m/n/10.95 ear rout-ing: travel fol-lows
 []


Underfull \hbox (badness 6157) in paragraph at lines 119--121
[]|\T1/ptm/m/n/10.95 Floor plan from Au-to-CAD
 []


Underfull \hbox (badness 10000) in paragraph at lines 119--121
\T1/ptm/m/n/10.95 DWG; mea-sured cor-ri-dor
 []


Underfull \hbox (badness 4595) in paragraph at lines 122--123
\T1/ptm/m/n/10.95 to-agent con-ges-tion are not
 []


Underfull \hbox (badness 10000) in paragraph at lines 122--123
\T1/ptm/m/n/10.95 slightly un-der-es-ti-mated in
 []


Underfull \hbox (badness 1281) in paragraph at lines 125--128
\T1/ptm/m/n/10.95 de-liv-er-ing a pal-let the reach
 []


Underfull \hbox (badness 2635) in paragraph at lines 129--131
\T1/ptm/m/n/10.95 ca-tion; stan-dard RT op-er-at-
 []


Underfull \hbox (badness 1735) in paragraph at lines 132--134
\T1/ptm/m/n/10.95 rec-tional er-ror favours Line-
 []


Underfull \hbox (badness 1603) in paragraph at lines 143--145
[]|\T1/ptm/m/n/10.95 If each pick trig-gers an in-
 []


Underfull \hbox (badness 10000) in paragraph at lines 143--145
\T1/ptm/m/n/10.95 de-pen-dent ro-ta-tion, Kardex
 []


Underfull \hbox (badness 2941) in paragraph at lines 143--145
\T1/ptm/m/n/10.95 uti-liza-tion is un-der-stated by
 []


Underfull \hbox (badness 7631) in paragraph at lines 147--150
\T1/ptm/m/n/10.95 four-month dis-patch log is
 []


Underfull \hbox (badness 1102) in paragraph at lines 147--150
\T1/ptm/m/n/10.95 com-pressed into an in-de-pen-
 []


Underfull \hbox (badness 10000) in paragraph at lines 147--150
\T1/ptm/m/n/10.95 dent 480-minute work-ing
 []


Underfull \hbox (badness 10000) in paragraph at lines 147--150
\T1/ptm/m/n/10.95 day (07:00--16:00 pro-file).
 []


Underfull \hbox (badness 1484) in paragraph at lines 147--150
\T1/ptm/m/n/10.95 Warmup and cooldown win-
 []


Underfull \hbox (badness 3312) in paragraph at lines 151--153
[]|\T1/ptm/m/n/10.95 ZWM92 times-tamps span a
 []


Underfull \hbox (badness 2809) in paragraph at lines 154--156
[]|\T1/ptm/m/n/10.95 If the real plant runs dou-
 []


Underfull \hbox (badness 10000) in paragraph at lines 158--161
[]|\T1/ptm/m/n/10.95 Capacity-heuristic place-ment
 []


Underfull \hbox (badness 10000) in paragraph at lines 158--161
\T1/ptm/m/n/10.95 for un-de-coded ma-te-ri-als
 []


Underfull \hbox (badness 10000) in paragraph at lines 158--161
\T1/ptm/m/n/10.95 (ap-prox-i-mately 2,319 rack
 []


Underfull \hbox (badness 2012) in paragraph at lines 158--161
\T1/ptm/m/n/10.95 ma-te-ri-als with-out a de-coded
 []


Underfull \hbox (badness 2680) in paragraph at lines 158--161
\T1/ptm/m/n/10.95 SAP bin): as-signed to the
 []


Underfull \hbox (badness 10000) in paragraph at lines 162--164
[]|\T1/ptm/m/n/10.95 750 ma-te-ri-als have fully
 []


Underfull \hbox (badness 10000) in paragraph at lines 162--164
\T1/ptm/m/n/10.95 de-coded SAP bins; 2,872
 []


Underfull \hbox (badness 10000) in paragraph at lines 162--164
\T1/ptm/m/n/10.95 are Kardex-routed (policy-
 []


Underfull \hbox (badness 10000) in paragraph at lines 162--164
\T1/ptm/m/n/10.95 invariant); the re-main-ing
 []


Underfull \hbox (badness 5064) in paragraph at lines 169--173
[]|\T1/ptm/m/n/10.95 Distribution-driven or-der ar-
 []


Underfull \hbox (badness 1990) in paragraph at lines 169--173
[]$\T1/ptm/m/n/10.95 ) and in-de-pen-dent ar-rival
 []


Underfull \hbox (badness 4168) in paragraph at lines 177--180
[]|\T1/ptm/m/n/10.95 Training and val-i-da-tion use
 []


Underfull \hbox (badness 1259) in paragraph at lines 177--180
\T1/ptm/m/n/10.95 tests, not hold-out val-i-da-tion.
 []


Underfull \hbox (badness 10000) in paragraph at lines 177--180
\T1/ptm/m/n/10.95 Sup-port-ing ev-i-dence comes
 []


Underfull \hbox (badness 10000) in paragraph at lines 177--180
\T1/ptm/m/n/10.95 from F400 tim-ing, daily-
 []


Underfull \hbox (badness 1199) in paragraph at lines 177--180
\T1/ptm/m/n/10.95 volume cal-i-bra-tion, and face
 []


Underfull \hbox (badness 7203) in paragraph at lines 177--180
\T1/ptm/m/n/10.95 va-lid-ity checks in the 3D
 []


Underfull \hbox (badness 10000) in paragraph at lines 185--187
\T1/ptm/m/n/10.95 su-per-vi-sor; re-plen-ish-ment
 []


LaTeX Warning: Float too large for page by 472.53136pt on input line 194.

[41] [42]
<figures/sensitivity_tornado_avg_walk_distance.png, id=624, 650.43pt x 444.4605
pt>
File: figures/sensitivity_tornado_avg_walk_distance.png Graphic file (type png)

<use figures/sensitivity_tornado_avg_walk_distance.png>
Package pdftex.def Info: figures/sensitivity_tornado_avg_walk_distance.png  use
d on input line 233.
(pdftex.def)             Requested size: 213.96529pt x 146.20445pt.
<figures/sensitivity_tornado_orders_completed.png, id=625, 650.43pt x 444.4605p
t>
File: figures/sensitivity_tornado_orders_completed.png Graphic file (type png)
<use figures/sensitivity_tornado_orders_completed.png>
Package pdftex.def Info: figures/sensitivity_tornado_orders_completed.png  used
 on input line 234.
(pdftex.def)             Requested size: 213.96529pt x 146.20445pt.
<figures/sensitivity_tornado_reach_truck_utilization.png, id=626, 650.43pt x 44
4.4605pt>
File: figures/sensitivity_tornado_reach_truck_utilization.png Graphic file (typ
e png)
<use figures/sensitivity_tornado_reach_truck_utilization.png>
Package pdftex.def Info: figures/sensitivity_tornado_reach_truck_utilization.pn
g  used on input line 235.
(pdftex.def)             Requested size: 213.96529pt x 146.20445pt.
<figures/heatmap_usage-based_abc.png, id=627, 1011.78pt x 578.16pt>
File: figures/heatmap_usage-based_abc.png Graphic file (type png)
<use figures/heatmap_usage-based_abc.png>
Package pdftex.def Info: figures/heatmap_usage-based_abc.png  used on input lin
e 236.
(pdftex.def)             Requested size: 213.96529pt x 122.26408pt.
) [43 <./figures/sensitivity_tornado_avg_walk_distance.png> <./figures/sensitiv
ity_tornado_orders_completed.png> <./figures/sensitivity_tornado_reach_truck_ut
ilization.png> <./figures/heatmap_usage-based_abc.png>] (./main.aux)
 ***********
LaTeX2e <2025-11-01>
L3 programming layer <2026-01-19>
 ***********
Package rerunfilecheck Info: File `main.out' has not changed.
(rerunfilecheck)             Checksum: 381ED9D413FD989BAAA39FCDBBFC7B30;7904.
 ) 
Here is how much of TeX's memory you used:
 17032 strings out of 469515
 330678 string characters out of 5470807
 734370 words of memory out of 5000000
 45253 multiletter control sequences out of 15000+600000
 690285 words of font info for 134 fonts, out of 8000000 for 9000
 14 hyphenation exceptions out of 8191
 75i,15n,80p,1194b,1151s stack positions out of 10000i,1000n,20000p,200000b,200000s
</usr/share/texmf-dist/fonts/type1/public/amsfonts/cm/cmex10.pfb></usr/share/
texmf-dist/fonts/type1/public/amsfonts/cm/cmmi10.pfb></usr/share/texmf-dist/fon
ts/type1/public/amsfonts/cm/cmr10.pfb></usr/share/texmf-dist/fonts/type1/public
/amsfonts/cm/cmsy10.pfb></usr/share/texmf-dist/fonts/type1/public/cm-super/sftt
1095.pfb></usr/share/texmf-dist/fonts/type1/public/cm-super/sftt1200.pfb></usr/
share/texmf-dist/fonts/type1/urw/symbol/usyr.pfb></usr/share/texmf-dist/fonts/t
ype1/urw/times/utmb8a.pfb></usr/share/texmf-dist/fonts/type1/urw/times/utmr8a.p
fb></usr/share/texmf-dist/fonts/type1/urw/times/utmri8a.pfb>
Output written on main.pdf (44 pages, 4783857 bytes).
PDF statistics:
 723 PDF objects out of 1000 (max. 8388607)
 621 compressed objects within 7 object streams
 170 named destinations out of 1000 (max. 500000)
 441 words of extra memory for PDF output out of 10000 (max. 10000000)

